// Jest Snapshot v1, https://goo.gl/fbAQLP

exports[`ModalChristmasCouponTest renders without error and match snapshot 1`] = `
<Modal
  animationType="none"
  deviceHeight={null}
  deviceWidth={null}
  hardwareAccelerated={false}
  hideModalContentWhileAnimating={false}
  onBackdropPress={[Function]}
  onModalHide={[Function]}
  onModalWillHide={[Function]}
  onModalWillShow={[Function]}
  onRequestClose={[Function]}
  panResponderThreshold={4}
  scrollHorizontal={false}
  scrollOffset={0}
  scrollOffsetMax={0}
  scrollTo={null}
  supportedOrientations={
    Array [
      "portrait",
      "landscape",
    ]
  }
  swipeThreshold={100}
  testID="com.usereserva:id/modalchristmas_container"
  transparent={true}
  visible={true}
>
  <View
    accessible={true}
    focusable={true}
    forwardedRef={[Function]}
    onClick={[Function]}
    onResponderGrant={[Function]}
    onResponderMove={[Function]}
    onResponderRelease={[Function]}
    onResponderTerminate={[Function]}
    onResponderTerminationRequest={[Function]}
    onStartShouldSetResponder={[Function]}
    style={
      Object {
        "backgroundColor": "black",
        "bottom": 0,
        "height": 1334,
        "left": 0,
        "opacity": 0.7,
        "position": "absolute",
        "right": 0,
        "top": 0,
        "width": 750,
      }
    }
  />
  <View
    onLayout={[Function]}
    pointerEvents="box-none"
    style={
      Array [
        Array [
          Object {
            "margin": 37.5,
            "transform": Array [
              Object {
                "translateY": 0,
              },
            ],
          },
          Object {
            "flex": 1,
            "justifyContent": "center",
          },
          undefined,
          Object {
            "margin": 0,
          },
        ],
        Object {
          "paddingBottom": 0,
        },
      ]
    }
  >
    <View
      deviceHeight={null}
      deviceWidth={null}
      forwardedRef={[Function]}
      hideModalContentWhileAnimating={false}
      onBackdropPress={[Function]}
      onModalHide={[Function]}
      onModalWillHide={[Function]}
      onModalWillShow={[Function]}
      panResponderThreshold={4}
      pointerEvents="box-none"
      scrollHorizontal={false}
      scrollOffset={0}
      scrollOffsetMax={0}
      scrollTo={null}
      style={
        Object {
          "flex": 1,
          "justifyContent": "center",
          "margin": 37.5,
          "transform": Array [
            Object {
              "translateY": 0,
            },
          ],
        }
      }
      supportedOrientations={
        Array [
          "portrait",
          "landscape",
        ]
      }
      swipeThreshold={100}
    >
      <View
        backgroundColor="white"
        borderRadius={16}
        boxShadow="bottomBarShadow"
        marginX="micro"
        minHeight={325}
        mt={12}
        style={
          Array [
            Object {
              "backgroundColor": "#FFF",
              "borderRadius": 16,
              "marginLeft": 12,
              "marginRight": 12,
              "marginTop": 12,
              "minHeight": 325,
              "shadowColor": "rgba(0,0,0,0.1)",
              "shadowOffset": Object {
                "height": -3,
                "width": 0,
              },
              "shadowOpacity": 1,
              "shadowRadius": 2,
            },
            Object {
              "elevation": 0,
            },
          ]
        }
      >
        <View
          marginBottom={42}
          marginTop={20}
          marginX={27}
          style={
            Array [
              Object {
                "marginBottom": 42,
                "marginLeft": 27,
                "marginRight": 27,
                "marginTop": 20,
              },
            ]
          }
        >
          <View
            alignItems="center"
            flexDirection="row"
            justifyContent="space-between"
            marginBottom={5}
            style={
              Array [
                Object {
                  "alignItems": "center",
                  "flexDirection": "row",
                  "justifyContent": "space-between",
                  "marginBottom": 5,
                },
              ]
            }
          >
            <View
              flex={1}
              style={
                Array [
                  Object {
                    "flexBasis": 0,
                    "flexGrow": 1,
                    "flexShrink": 1,
                  },
                ]
              }
            >
              <Text
                fontFamily="reservaSerifBlack"
                fontSize={24}
                lineHeight={29}
                style={
                  Array [
                    Object {
                      "fontFamily": "ReservaSerif-Black",
                      "fontSize": 24,
                      "lineHeight": 29,
                    },
                  ]
                }
                testID="com.usereserva:id/christmascouponform_title"
              >
                Titulo do modal
              </Text>
            </View>
            <View
              alignItems="center"
              style={
                Array [
                  Object {
                    "alignItems": "center",
                  },
                ]
              }
            >
              <View
                accessible={true}
                focusable={true}
                onClick={[Function]}
                onResponderGrant={[Function]}
                onResponderMove={[Function]}
                onResponderRelease={[Function]}
                onResponderTerminate={[Function]}
                onResponderTerminationRequest={[Function]}
                onStartShouldSetResponder={[Function]}
                style={
                  Object {
                    "alignItems": "center",
                    "justifyContent": "center",
                    "opacity": 1,
                  }
                }
                testID="com.usereserva:id/christmascouponform_button_close"
              >
                <View
                  flexGrow={0}
                  justifyContent="flex-end"
                  style={
                    Array [
                      Object {
                        "flexGrow": 0,
                        "justifyContent": "flex-end",
                      },
                    ]
                  }
                >
                  <View
                    flexGrow={0}
                    justifyContent="center"
                    position="absolute"
                    right={-5}
                    style={
                      Array [
                        Object {
                          "flexGrow": 0,
                          "justifyContent": "center",
                          "position": "absolute",
                          "right": -5,
                          "top": -5,
                          "zIndex": 1,
                        },
                      ]
                    }
                    top={-5}
                    zIndex={1}
                  />
                  <RNSVGSvgView
                    bbHeight={12}
                    bbWidth={12}
                    color="preto"
                    focusable={false}
                    size={12}
                    style={
                      Array [
                        Object {
                          "backgroundColor": "transparent",
                          "borderWidth": 0,
                        },
                        Array [
                          Object {
                            "color": "#333333",
                            "height": 12,
                            "width": 12,
                          },
                        ],
                        Object {
                          "flex": 0,
                          "height": 12,
                          "width": 12,
                        },
                      ]
                    }
                  >
                    <RNSVGGroup>
                      <RNSVGSvgView
                        align="xMidYMid"
                        bbHeight="100%"
                        bbWidth="100%"
                        focusable={false}
                        height="100%"
                        meetOrSlice={0}
                        minX={0}
                        minY={0}
                        style={
                          Array [
                            Object {
                              "backgroundColor": "transparent",
                              "borderWidth": 0,
                            },
                            Array [
                              Object {
                                "height": "100%",
                                "width": "100%",
                              },
                            ],
                            Object {
                              "flex": 0,
                              "height": "100%",
                              "width": "100%",
                            },
                          ]
                        }
                        vbHeight={8.24}
                        vbWidth={8.242}
                        width="100%"
                      >
                        <RNSVGGroup>
                          <RNSVGPath
                            d="M5.098 4.12l2.944-2.944A.69.69 0 007.066.2L4.122 3.144 1.178.2a.69.69 0 10-.976.976L3.146 4.12.202 7.064a.69.69 0 00.976.976l2.944-2.944L7.066 8.04a.69.69 0 00.976-.976z"
                            fill={4281545523}
                            propList={
                              Array [
                                "fill",
                              ]
                            }
                          />
                        </RNSVGGroup>
                      </RNSVGSvgView>
                    </RNSVGGroup>
                  </RNSVGSvgView>
                </View>
              </View>
            </View>
          </View>
          <View
            marginBottom={5}
            style={
              Array [
                Object {
                  "marginBottom": 5,
                },
              ]
            }
          >
            <Text
              fontFamily="nunitoRegular"
              fontSize={14}
              lineHeight={22}
              style={
                Array [
                  Object {
                    "fontFamily": "Nunito-Regular",
                    "fontSize": 14,
                    "lineHeight": 22,
                  },
                ]
              }
              testID="com.usereserva:id/christmascouponform_subtitle"
            />
          </View>
          <Text
            fontFamily="nunitoBold"
            fontSize={12}
            lineHeight={22}
            style={
              Array [
                Object {
                  "fontFamily": "Nunito-Bold",
                  "fontSize": 12,
                  "lineHeight": 22,
                },
              ]
            }
            testID="com.usereserva:id/christmascouponform_fineline"
          >
            *Confira as regras
          </Text>
          <View
            marginTop={10}
            style={
              Array [
                Object {
                  "marginTop": 10,
                },
              ]
            }
          >
            <View
              justifyContent="center"
              style={
                Array [
                  Object {
                    "justifyContent": "center",
                  },
                ]
              }
            >
              <View
                backgroundColor="backgoundInput"
                borderColor="transparente"
                borderWidth="hairline"
                flexDirection="row"
                height={40}
                justifyContent="center"
                style={
                  Array [
                    Object {
                      "backgroundColor": "#F0F0F0",
                      "borderColor": "transparent",
                      "borderWidth": 1,
                      "flexDirection": "row",
                      "height": 40,
                      "justifyContent": "center",
                    },
                  ]
                }
              >
                <View
                  flex={1}
                  style={
                    Array [
                      Object {
                        "flexBasis": 0,
                        "flexGrow": 1,
                        "flexShrink": 1,
                      },
                    ]
                  }
                >
                  <TextInput
                    accessibilityLabel="christmascouponform_input_name"
                    allowFontScaling={true}
                    flex={1}
                    onChangeText={[Function]}
                    paddingX="xxxs"
                    paddingY="nano"
                    placeholder="NOME"
                    placeholderTextColor="#8A8C8E"
                    rejectResponderTermination={true}
                    style={
                      Array [
                        Object {
                          "color": "#333333",
                          "flexBasis": 0,
                          "flexGrow": 1,
                          "flexShrink": 1,
                          "fontFamily": "Nunito-Regular",
                          "fontSize": 15,
                          "paddingBottom": 8,
                          "paddingLeft": 16,
                          "paddingRight": 16,
                          "paddingTop": 8,
                          "textAlign": "left",
                        },
                        Object {
                          "backgroundColor": "#ffffff",
                          "borderColor": "#BCBCBC",
                          "borderWidth": 1,
                          "color": "#3A3A3A",
                          "height": 40,
                        },
                      ]
                    }
                    textContentType="oneTimeCode"
                    underlineColorAndroid="transparent"
                    value=""
                    variant="paragraphSmall"
                  />
                </View>
                <View
                  justifyContent="center"
                  style={
                    Array [
                      Object {
                        "justifyContent": "center",
                      },
                    ]
                  }
                />
              </View>
            </View>
            <View
              style={
                Array [
                  Object {},
                ]
              }
            />
          </View>
          <View
            marginTop={16}
            style={
              Array [
                Object {
                  "marginTop": 16,
                },
              ]
            }
          >
            <View
              justifyContent="center"
              style={
                Array [
                  Object {
                    "justifyContent": "center",
                  },
                ]
              }
            >
              <View
                backgroundColor="backgoundInput"
                borderColor="transparente"
                borderWidth="hairline"
                flexDirection="row"
                height={40}
                justifyContent="center"
                style={
                  Array [
                    Object {
                      "backgroundColor": "#F0F0F0",
                      "borderColor": "transparent",
                      "borderWidth": 1,
                      "flexDirection": "row",
                      "height": 40,
                      "justifyContent": "center",
                    },
                  ]
                }
              >
                <View
                  flex={1}
                  style={
                    Array [
                      Object {
                        "flexBasis": 0,
                        "flexGrow": 1,
                        "flexShrink": 1,
                      },
                    ]
                  }
                >
                  <TextInput
                    accessibilityLabel="christmascouponform_input_phone"
                    allowFontScaling={true}
                    flex={1}
                    keyboardType="numeric"
                    onChangeText={[Function]}
                    paddingX="xxxs"
                    paddingY="nano"
                    placeholder="WHATSAPP"
                    placeholderTextColor="#8A8C8E"
                    rejectResponderTermination={true}
                    style={
                      Array [
                        Object {
                          "color": "#333333",
                          "flexBasis": 0,
                          "flexGrow": 1,
                          "flexShrink": 1,
                          "fontFamily": "Nunito-Regular",
                          "fontSize": 15,
                          "paddingBottom": 8,
                          "paddingLeft": 16,
                          "paddingRight": 16,
                          "paddingTop": 8,
                          "textAlign": "left",
                        },
                        Object {
                          "backgroundColor": "#ffffff",
                          "borderColor": "#BCBCBC",
                          "borderWidth": 1,
                          "color": "#3A3A3A",
                          "height": 40,
                        },
                      ]
                    }
                    textContentType="oneTimeCode"
                    type="cel-phone"
                    underlineColorAndroid="transparent"
                    value=""
                    variant="paragraphSmall"
                  />
                </View>
                <View
                  justifyContent="center"
                  style={
                    Array [
                      Object {
                        "justifyContent": "center",
                      },
                    ]
                  }
                />
              </View>
            </View>
            <View
              style={
                Array [
                  Object {},
                ]
              }
            />
          </View>
          <View
            marginTop={16}
            style={
              Array [
                Object {
                  "marginTop": 16,
                },
              ]
            }
          >
            <View
              justifyContent="center"
              style={
                Array [
                  Object {
                    "justifyContent": "center",
                  },
                ]
              }
            >
              <View
                backgroundColor="backgoundInput"
                borderColor="transparente"
                borderWidth="hairline"
                flexDirection="row"
                height={40}
                justifyContent="center"
                style={
                  Array [
                    Object {
                      "backgroundColor": "#F0F0F0",
                      "borderColor": "transparent",
                      "borderWidth": 1,
                      "flexDirection": "row",
                      "height": 40,
                      "justifyContent": "center",
                    },
                  ]
                }
              >
                <View
                  flex={1}
                  style={
                    Array [
                      Object {
                        "flexBasis": 0,
                        "flexGrow": 1,
                        "flexShrink": 1,
                      },
                    ]
                  }
                >
                  <TextInput
                    accessibilityLabel="christmascouponform_input_email"
                    allowFontScaling={true}
                    flex={1}
                    keyboardType="email-address"
                    onChangeText={[Function]}
                    paddingX="xxxs"
                    paddingY="nano"
                    placeholder="E-MAIL"
                    placeholderTextColor="#8A8C8E"
                    rejectResponderTermination={true}
                    style={
                      Array [
                        Object {
                          "color": "#333333",
                          "flexBasis": 0,
                          "flexGrow": 1,
                          "flexShrink": 1,
                          "fontFamily": "Nunito-Regular",
                          "fontSize": 15,
                          "paddingBottom": 8,
                          "paddingLeft": 16,
                          "paddingRight": 16,
                          "paddingTop": 8,
                          "textAlign": "left",
                        },
                        Object {
                          "backgroundColor": "#ffffff",
                          "borderColor": "#BCBCBC",
                          "borderWidth": 1,
                          "color": "#3A3A3A",
                          "height": 40,
                        },
                      ]
                    }
                    textContentType="oneTimeCode"
                    underlineColorAndroid="transparent"
                    value=""
                    variant="paragraphSmall"
                  />
                </View>
                <View
                  justifyContent="center"
                  style={
                    Array [
                      Object {
                        "justifyContent": "center",
                      },
                    ]
                  }
                />
              </View>
            </View>
            <View
              style={
                Array [
                  Object {},
                ]
              }
            />
          </View>
          <View
            style={
              Array [
                Object {},
              ]
            }
          >
            <View
              alignItems="stretch"
              height={40}
              style={
                Array [
                  Object {
                    "alignItems": "stretch",
                    "height": 40,
                  },
                ]
              }
            >
              <View
                accessible={true}
                focusable={true}
                onClick={[Function]}
                onResponderGrant={[Function]}
                onResponderMove={[Function]}
                onResponderRelease={[Function]}
                onResponderTerminate={[Function]}
                onResponderTerminationRequest={[Function]}
                onStartShouldSetResponder={[Function]}
                style={
                  Object {
                    "alignItems": "center",
                    "backgroundColor": "#333333",
                    "color": "#FFF",
                    "fontFamily": "Nunito-Bold",
                    "fontSize": 13,
                    "height": 40,
                    "justifyContent": "center",
                    "marginBottom": 26,
                    "marginTop": 16,
                    "minWidth": 130,
                    "opacity": 1,
                    "paddingBottom": 16,
                    "paddingLeft": 8,
                    "paddingRight": 8,
                    "paddingTop": 16,
                  }
                }
                testID="com.usereserva:id/christmascouponform_button_submit"
              >
                <View
                  alignItems="center"
                  flexDirection="row"
                  justifyContent="center"
                  style={
                    Array [
                      Object {
                        "alignItems": "center",
                        "flexDirection": "row",
                        "justifyContent": "center",
                      },
                    ]
                  }
                >
                  <View
                    height={40}
                    justifyContent="center"
                    style={
                      Array [
                        Object {
                          "height": 40,
                          "justifyContent": "center",
                        },
                      ]
                    }
                  >
                    <Text
                      color="white"
                      fontFamily="nunitoBold"
                      fontSize={13}
                      letterSpacing={1.6}
                      style={
                        Array [
                          Object {
                            "color": "#FFF",
                            "fontFamily": "Nunito-Bold",
                            "fontSize": 13,
                            "letterSpacing": 1.6,
                          },
                        ]
                      }
                    >
                      Submit
                    </Text>
                  </View>
                </View>
              </View>
            </View>
          </View>
        </View>
      </View>
    </View>
  </View>
</Modal>
`;
