// Jest Snapshot v1, https://goo.gl/fbAQLP

exports[`OffersMainCarousel should match to snapshot 1`] = `
<View
  accessibilityLabel="com.usereserva:id/default_carrousel_container"
  style={
    {
      "flex": 1,
    }
  }
  testID="com.usereserva:id/default_carrousel_container"
>
  <View
    style={
      {
        "flex": 1,
      }
    }
  >
    <View
      collapsable={false}
      handlerTag={3}
      handlerType="PanGestureHandler"
      onGestureHandlerEvent={[Function]}
      onGestureHandlerStateChange={[Function]}
      onTouchEnd={[Function]}
      onTouchStart={[Function]}
      style={
        [
          {
            "overflow": "hidden",
          },
          {
            "height": 400,
            "width": 750,
          },
          {
            "backgroundColor": "rgba(0, 0, 0, 0)",
            "position": "relative",
          },
          {
            "flexDirection": "row",
          },
        ]
      }
      testID="com.usereserva:id/default_carrousel_content"
    >
      <View
        style={
          [
            {
              "height": 400,
              "position": "absolute",
              "width": 750,
            },
            {
              "transform": [
                {
                  "translateX": undefined,
                },
                {
                  "scale": undefined,
                },
              ],
              "zIndex": undefined,
            },
          ]
        }
        testID="__CAROUSEL_ITEM_0_NOT_READY__"
      />
      <View
        style={
          [
            {
              "height": 400,
              "position": "absolute",
              "width": 750,
            },
            {
              "transform": [
                {
                  "translateX": undefined,
                },
                {
                  "scale": undefined,
                },
              ],
              "zIndex": undefined,
            },
          ]
        }
        testID="__CAROUSEL_ITEM_1_NOT_READY__"
      />
      <View
        style={
          [
            {
              "height": 400,
              "position": "absolute",
              "width": 750,
            },
            {
              "transform": [
                {
                  "translateX": undefined,
                },
                {
                  "scale": undefined,
                },
              ],
              "zIndex": undefined,
            },
          ]
        }
        testID="__CAROUSEL_ITEM_2_NOT_READY__"
      />
    </View>
  </View>
  <View
    style={
      [
        {
          "alignSelf": "center",
          "flexDirection": "row",
          "justifyContent": "space-between",
          "position": "relative",
          "top": 380,
        },
        {
          "width": 73.5,
        },
      ]
    }
  >
    <View
      style={
        [
          {
            "borderColor": "#ffffff",
            "borderRadius": 50,
            "borderWidth": 2,
            "height": 16.40625,
            "overflow": "hidden",
            "transform": [
              {
                "rotateZ": "0deg",
              },
            ],
            "width": 21.09375,
          },
          {
            "width": undefined,
          },
        ]
      }
    >
      <View
        style={
          [
            {
              "backgroundColor": "#ffffff",
              "borderRadius": 50,
              "flex": 1,
            },
            {
              "transform": [
                {
                  "translateX": undefined,
                },
              ],
            },
          ]
        }
      />
    </View>
    <View
      style={
        [
          {
            "borderColor": "#ffffff",
            "borderRadius": 50,
            "borderWidth": 2,
            "height": 16.40625,
            "overflow": "hidden",
            "transform": [
              {
                "rotateZ": "0deg",
              },
            ],
            "width": 21.09375,
          },
          {
            "width": undefined,
          },
        ]
      }
    >
      <View
        style={
          [
            {
              "backgroundColor": "#ffffff",
              "borderRadius": 50,
              "flex": 1,
            },
            {
              "transform": [
                {
                  "translateX": undefined,
                },
              ],
            },
          ]
        }
      />
    </View>
    <View
      style={
        [
          {
            "borderColor": "#ffffff",
            "borderRadius": 50,
            "borderWidth": 2,
            "height": 16.40625,
            "overflow": "hidden",
            "transform": [
              {
                "rotateZ": "0deg",
              },
            ],
            "width": 21.09375,
          },
          {
            "width": undefined,
          },
        ]
      }
    >
      <View
        style={
          [
            {
              "backgroundColor": "#ffffff",
              "borderRadius": 50,
              "flex": 1,
            },
            {
              "transform": [
                {
                  "translateX": undefined,
                },
              ],
            },
          ]
        }
      />
    </View>
  </View>
</View>
`;
