// Jest Snapshot v1, https://goo.gl/fbAQLP

exports[`IconComponent should match with the snapshot 1`] = `
<Image
  height={60}
  onError={[Function]}
  resizeMode="contain"
  source={
    Object {
      "commons": Object {
        "GuideBermuda": [Circular],
        "GuideCalca": [Circular],
        "GuideCamiseta": [Circular],
        "GuideHoodie": [Circular],
        "GuideJaqueta": [Circular],
        "GuideMangaCurta": [Circular],
        "GuideMangaLonga": [Circular],
        "GuidePolo": [Circular],
        "GuideShort": [Circular],
        "GuideSueter": [Circular],
        "GuideSungaCueca": [Circular],
        "QrcodeBackground": [Circular],
        "americanExpress": [Circular],
        "arrowInstruction": [Circular],
        "bagEmpty": [Circular],
        "bannerCatalog": [Circular],
        "bannerLogin": [Circular],
        "bannerOffer": [Circular],
        "cardFront": [Circular],
        "cardVerso": [Circular],
        "clothingCare1": [Circular],
        "clothingCareBleach": [Circular],
        "clothingCareDrying": [Circular],
        "clothingCarePass": [Circular],
        "clothingCareProfessionalWashing": [Circular],
        "clothingCareWash": [Circular],
        "cupomModalBackground": [Circular],
        "dividerReserva": [Circular],
        "elo": [Circular],
        "emptyProductCatalog": [Circular],
        "facebook": [Circular],
        "foraDoAr": [Circular],
        "headerLogin": [Circular],
        "homeMock1": [Circular],
        "homeMock2": [Circular],
        "homeMock3": [Circular],
        "homeMock4": [Circular],
        "imageCashback": [Circular],
        "imageNotFound": [Circular],
        "infoFill": [Circular],
        "instagram": [Circular],
        "localReserva": [Circular],
        "logoQRCode": [Circular],
        "mastercard": [Circular],
        "noStoresFound": [Circular],
        "noWishList": [Circular],
        "pinYou": [Circular],
        "purchaseConfirmation": [Circular],
        "raceImageBackground": [Circular],
        "saleOff": [Circular],
        "searchNotFound": [Circular],
        "selectRectangle": [Circular],
        "shirt1": [Circular],
        "shirt2": [Circular],
        "shirt3": [Circular],
        "shirt4": [Circular],
        "topBannerMock1": [Circular],
        "twitter": [Circular],
        "update": [Circular],
        "visa": [Circular],
        "whatsapp": [Circular],
        "withoutInternet": [Circular],
        "zoomHand": [Circular],
      },
      "default": Object {
        "GuideBermuda": [Circular],
        "GuideCalca": [Circular],
        "GuideCamiseta": [Circular],
        "GuideHoodie": [Circular],
        "GuideJaqueta": [Circular],
        "GuideMangaCurta": [Circular],
        "GuideMangaLonga": [Circular],
        "GuidePolo": [Circular],
        "GuideShort": [Circular],
        "GuideSueter": [Circular],
        "GuideSungaCueca": [Circular],
        "QrcodeBackground": [Circular],
        "americanExpress": [Circular],
        "arrowInstruction": [Circular],
        "bagEmpty": [Circular],
        "bannerCatalog": [Circular],
        "bannerLogin": [Circular],
        "bannerOffer": [Circular],
        "cardFront": [Circular],
        "cardVerso": [Circular],
        "chevronRight": [Function],
        "clothingCare1": [Circular],
        "clothingCareBleach": [Circular],
        "clothingCareDrying": [Circular],
        "clothingCarePass": [Circular],
        "clothingCareProfessionalWashing": [Circular],
        "clothingCareWash": [Circular],
        "cupomModalBackground": [Circular],
        "dividerReserva": [Circular],
        "elo": [Circular],
        "emptyProductCatalog": [Circular],
        "facebook": [Circular],
        "foraDoAr": [Circular],
        "headerLogin": [Circular],
        "homeMock1": [Circular],
        "homeMock2": [Circular],
        "homeMock3": [Circular],
        "homeMock4": [Circular],
        "imageCashback": [Circular],
        "imageNotFound": [Circular],
        "infoFill": [Circular],
        "instagram": [Circular],
        "localReserva": [Circular],
        "logoPrime": [Function],
        "logoQRCode": [Circular],
        "mastercard": [Circular],
        "noStoresFound": [Circular],
        "noWishList": [Circular],
        "pinYou": [Circular],
        "purchaseConfirmation": [Circular],
        "raceImageBackground": [Circular],
        "saleOff": [Circular],
        "searchNotFound": [Circular],
        "selectRectangle": [Circular],
        "shirt1": [Circular],
        "shirt2": [Circular],
        "shirt3": [Circular],
        "shirt4": [Circular],
        "topBannerMock1": [Circular],
        "twitter": [Circular],
        "update": [Circular],
        "visa": [Circular],
        "whatsapp": [Circular],
        "withoutInternet": [Circular],
        "zoomHand": [Circular],
      },
      "svgs": Object {
        "chevronRight": [Function],
        "logoPrime": [Function],
      },
    }
  }
  style={
    Array [
      Object {
        "height": 0,
        "width": 60,
      },
      undefined,
    ]
  }
/>
`;
